// Jest Snapshot v1, https://goo.gl/fbAQLP

exports[`Descriptions column is number 1`] = `
<Descriptions
  column="3"
  size="default"
>
  <div
    className="ant-descriptions"
  >
    <div
      className="ant-descriptions-view"
    >
      <table>
        <tbody>
          <tr
            className="ant-descriptions-item"
            key="0"
          >
            <td
              className="ant-descriptions-item-label"
              key=".$.0/.$label"
            >
              Product
            </td>
            <td
              className="ant-descriptions-item-content"
              colSpan={1}
              key=".$.0/.$content"
            >
              Cloud Database
            </td>
            <td
              className="ant-descriptions-item-label"
              key=".$.1/.$label"
            >
              Billing
            </td>
            <td
              className="ant-descriptions-item-content"
              colSpan={1}
              key=".$.1/.$content"
            >
              Prepaid
            </td>
            <td
              className="ant-descriptions-item-label"
              key="label"
            >
              time
            </td>
            <td
              className="ant-descriptions-item-content"
              colSpan={1}
              key="content"
            >
              18:00:00
            </td>
          </tr>
          <tr
            className="ant-descriptions-item"
            key="1"
          >
            <td
              className="ant-descriptions-item-label"
              key="label"
            >
              Amount
            </td>
            <td
              className="ant-descriptions-item-content"
              colSpan={5}
              key="content"
            >
              $80.00
            </td>
          </tr>
        </tbody>
      </table>
    </div>
  </div>
</Descriptions>
`;
